// Vitest Snapshot v1, https://vitest.dev/guide/snapshot.html

exports[`inference: dictionaries > {[ Num ]: Num} 1`] = `
{
  "displays": {
    "constraints": [],
    "term": "FFI.Indexed Num Num @FFI.defaultArray",
    "type": "Type",
  },
}
`;

exports[`inference: dictionaries > {[ Num ]: Num} 2`] = `
{
  "structure": {
    "constraints": [],
    "metas": {
      "1": {
        "ann": {
          "id": 1,
          "type": "Lit",
          "value": {
            "type": "Atom",
            "value": "Type",
          },
        },
        "meta": {
          "lvl": 0,
          "type": "Meta",
          "val": 1,
        },
      },
    },
    "term": {
      "arg": {
        "id": 815,
        "type": "Var",
        "variable": {
          "name": "defaultArray",
          "type": "Foreign",
        },
      },
      "func": {
        "arg": {
          "id": 814,
          "type": "Var",
          "variable": {
            "name": "Num",
            "type": "Free",
          },
        },
        "func": {
          "arg": {
            "id": 813,
            "type": "Var",
            "variable": {
              "name": "Num",
              "type": "Free",
            },
          },
          "func": {
            "id": 816,
            "type": "Var",
            "variable": {
              "name": "Indexed",
              "type": "Foreign",
            },
          },
          "icit": "Explicit",
          "id": 817,
          "type": "App",
        },
        "icit": "Explicit",
        "id": 818,
        "type": "App",
      },
      "icit": "Implicit",
      "id": 819,
      "type": "App",
    },
    "type": {
      "id": 1,
      "type": "Lit",
      "value": {
        "type": "Atom",
        "value": "Type",
      },
    },
    "typedTerms": {
      "813": {
        "modalities": {},
        "nf": {
          "id": 1,
          "type": "Lit",
          "value": {
            "type": "Atom",
            "value": "Type",
          },
        },
      },
      "814": {
        "modalities": {},
        "nf": {
          "id": 1,
          "type": "Lit",
          "value": {
            "type": "Atom",
            "value": "Type",
          },
        },
      },
      "819": {
        "modalities": {},
        "nf": {
          "id": 1,
          "type": "Lit",
          "value": {
            "type": "Atom",
            "value": "Type",
          },
        },
      },
    },
  },
}
`;
