// Vitest Snapshot v1, https://vitest.dev/guide/snapshot.html

exports[`inference: injection > { { x: 1 } | y = 2 } 1`] = `
{
  "displays": {
    "constraints": [
      "1 ~~ ?2",
      "Num ~~ ?3",
    ],
    "term": "{ Struct [ x: 1 ] | y = 2 }",
    "type": "Schema [ y: Num, x: Num ]",
  },
}
`;

exports[`inference: injection > { { x: 1 } | y = 2 } 2`] = `
{
  "structure": {
    "constraints": [
      {
        "left": {
          "id": 34,
          "type": "Lit",
          "value": {
            "type": "Num",
            "value": 1,
          },
        },
        "lvl": 0,
        "right": {
          "id": 30,
          "type": "Neutral",
          "value": {
            "id": 29,
            "type": "Var",
            "variable": {
              "lvl": 0,
              "type": "Meta",
              "val": 2,
            },
          },
        },
        "type": "assign",
      },
      {
        "left": {
          "id": 33,
          "type": "Lit",
          "value": {
            "type": "Atom",
            "value": "Num",
          },
        },
        "lvl": 0,
        "right": {
          "id": 32,
          "type": "Neutral",
          "value": {
            "id": 31,
            "type": "Var",
            "variable": {
              "lvl": 0,
              "type": "Meta",
              "val": 3,
            },
          },
        },
        "type": "assign",
      },
    ],
    "metas": {
      "1": {
        "ann": {
          "id": 1,
          "type": "Lit",
          "value": {
            "type": "Atom",
            "value": "Type",
          },
        },
        "meta": {
          "lvl": 0,
          "type": "Meta",
          "val": 1,
        },
      },
      "2": {
        "ann": {
          "id": 28,
          "type": "Neutral",
          "value": {
            "id": 27,
            "type": "Var",
            "variable": {
              "lvl": 0,
              "type": "Meta",
              "val": 1,
            },
          },
        },
        "meta": {
          "lvl": 0,
          "type": "Meta",
          "val": 2,
        },
      },
      "3": {
        "ann": {
          "id": 1,
          "type": "Lit",
          "value": {
            "type": "Atom",
            "value": "Type",
          },
        },
        "meta": {
          "lvl": 0,
          "type": "Meta",
          "val": 3,
        },
      },
    },
    "term": {
      "id": 1210,
      "label": "y",
      "term": {
        "arg": {
          "id": 1208,
          "row": {
            "label": "x",
            "row": {
              "type": "empty",
            },
            "type": "extension",
            "value": {
              "id": 1206,
              "type": "Lit",
              "value": {
                "type": "Num",
                "value": 1,
              },
            },
          },
          "type": "Row",
        },
        "func": {
          "id": 1207,
          "type": "Lit",
          "value": {
            "type": "Atom",
            "value": "Struct",
          },
        },
        "icit": "Explicit",
        "id": 1209,
        "type": "App",
      },
      "type": "Inj",
      "value": {
        "id": 1204,
        "type": "Lit",
        "value": {
          "type": "Num",
          "value": 2,
        },
      },
    },
    "type": {
      "arg": {
        "id": 39,
        "row": {
          "label": "y",
          "row": {
            "label": "x",
            "row": {
              "type": "empty",
            },
            "type": "extension",
            "value": {
              "id": 33,
              "type": "Lit",
              "value": {
                "type": "Atom",
                "value": "Num",
              },
            },
          },
          "type": "extension",
          "value": {
            "id": 26,
            "type": "Lit",
            "value": {
              "type": "Atom",
              "value": "Num",
            },
          },
        },
        "type": "Row",
      },
      "func": {
        "id": 35,
        "type": "Lit",
        "value": {
          "type": "Atom",
          "value": "Schema",
        },
      },
      "icit": "Explicit",
      "id": 40,
      "type": "App",
    },
    "typedTerms": {},
  },
}
`;
