// Vitest Snapshot v1, https://vitest.dev/guide/snapshot.html

exports[`inference: list > [1, 2, 3] 1`] = `
{
  "displays": {
    "constraints": [
      "Num ~~ ?2",
      "Num ~~ ?2",
      "Num ~~ ?2",
    ],
    "term": "[ 0: 1, 1: 2, 2: 3 ]",
    "type": "FFI.Indexed Num ?2 @FFI.defaultArray",
  },
}
`;

exports[`inference: list > [1, 2, 3] 2`] = `
{
  "structure": {
    "constraints": [
      {
        "left": {
          "id": 23,
          "type": "Lit",
          "value": {
            "type": "Atom",
            "value": "Num",
          },
        },
        "lvl": 0,
        "right": {
          "id": 22,
          "type": "Neutral",
          "value": {
            "id": 21,
            "type": "Var",
            "variable": {
              "lvl": 0,
              "type": "Meta",
              "val": 2,
            },
          },
        },
        "type": "assign",
      },
      {
        "left": {
          "id": 24,
          "type": "Lit",
          "value": {
            "type": "Atom",
            "value": "Num",
          },
        },
        "lvl": 0,
        "right": {
          "id": 22,
          "type": "Neutral",
          "value": {
            "id": 21,
            "type": "Var",
            "variable": {
              "lvl": 0,
              "type": "Meta",
              "val": 2,
            },
          },
        },
        "type": "assign",
      },
      {
        "left": {
          "id": 25,
          "type": "Lit",
          "value": {
            "type": "Atom",
            "value": "Num",
          },
        },
        "lvl": 0,
        "right": {
          "id": 22,
          "type": "Neutral",
          "value": {
            "id": 21,
            "type": "Var",
            "variable": {
              "lvl": 0,
              "type": "Meta",
              "val": 2,
            },
          },
        },
        "type": "assign",
      },
    ],
    "metas": {
      "1": {
        "ann": {
          "id": 1,
          "type": "Lit",
          "value": {
            "type": "Atom",
            "value": "Type",
          },
        },
        "meta": {
          "lvl": 0,
          "type": "Meta",
          "val": 1,
        },
      },
      "2": {
        "ann": {
          "id": 20,
          "type": "Var",
          "variable": {
            "lvl": 0,
            "type": "Meta",
            "val": 1,
          },
        },
        "meta": {
          "lvl": 0,
          "type": "Meta",
          "val": 2,
        },
      },
    },
    "term": {
      "id": 817,
      "row": {
        "label": "0",
        "row": {
          "label": "1",
          "row": {
            "label": "2",
            "row": {
              "type": "empty",
            },
            "type": "extension",
            "value": {
              "id": 816,
              "type": "Lit",
              "value": {
                "type": "Num",
                "value": 3,
              },
            },
          },
          "type": "extension",
          "value": {
            "id": 815,
            "type": "Lit",
            "value": {
              "type": "Num",
              "value": 2,
            },
          },
        },
        "type": "extension",
        "value": {
          "id": 814,
          "type": "Lit",
          "value": {
            "type": "Num",
            "value": 1,
          },
        },
      },
      "type": "Row",
    },
    "type": {
      "id": 31,
      "type": "Neutral",
      "value": {
        "arg": {
          "id": 29,
          "type": "Var",
          "variable": {
            "name": "defaultArray",
            "type": "Foreign",
          },
        },
        "func": {
          "arg": {
            "id": 22,
            "type": "Neutral",
            "value": {
              "id": 21,
              "type": "Var",
              "variable": {
                "lvl": 0,
                "type": "Meta",
                "val": 2,
              },
            },
          },
          "func": {
            "arg": {
              "id": 26,
              "type": "Lit",
              "value": {
                "type": "Atom",
                "value": "Num",
              },
            },
            "func": {
              "id": 3,
              "type": "Var",
              "variable": {
                "name": "Indexed",
                "type": "Foreign",
              },
            },
            "icit": "Explicit",
            "id": 27,
            "type": "App",
          },
          "icit": "Explicit",
          "id": 28,
          "type": "App",
        },
        "icit": "Implicit",
        "id": 30,
        "type": "App",
      },
    },
    "typedTerms": {
      "814": {
        "modalities": {},
        "nf": {
          "id": 23,
          "type": "Lit",
          "value": {
            "type": "Atom",
            "value": "Num",
          },
        },
      },
      "815": {
        "modalities": {},
        "nf": {
          "id": 24,
          "type": "Lit",
          "value": {
            "type": "Atom",
            "value": "Num",
          },
        },
      },
      "816": {
        "modalities": {},
        "nf": {
          "id": 25,
          "type": "Lit",
          "value": {
            "type": "Atom",
            "value": "Num",
          },
        },
      },
      "817": {
        "modalities": {},
        "nf": {
          "id": 31,
          "type": "Neutral",
          "value": {
            "arg": {
              "id": 29,
              "type": "Var",
              "variable": {
                "name": "defaultArray",
                "type": "Foreign",
              },
            },
            "func": {
              "arg": {
                "id": 22,
                "type": "Neutral",
                "value": {
                  "id": 21,
                  "type": "Var",
                  "variable": {
                    "lvl": 0,
                    "type": "Meta",
                    "val": 2,
                  },
                },
              },
              "func": {
                "arg": {
                  "id": 26,
                  "type": "Lit",
                  "value": {
                    "type": "Atom",
                    "value": "Num",
                  },
                },
                "func": {
                  "id": 3,
                  "type": "Var",
                  "variable": {
                    "name": "Indexed",
                    "type": "Foreign",
                  },
                },
                "icit": "Explicit",
                "id": 27,
                "type": "App",
              },
              "icit": "Explicit",
              "id": 28,
              "type": "App",
            },
            "icit": "Implicit",
            "id": 30,
            "type": "App",
          },
        },
      },
    },
  },
}
`;
