// Vitest Snapshot v1, https://vitest.dev/guide/snapshot.html

exports[`inference: tuple > {1, 2} 1`] = `
{
  "displays": {
    "constraints": [
      "Num ~~ ?5",
      "Num ~~ ?2",
    ],
    "term": "Struct [ 0: 1, 1: 2 ]",
    "type": "Schema [ 0: Num, 1: Num ]",
  },
}
`;

exports[`inference: tuple > {1, 2} 2`] = `
{
  "structure": {
    "constraints": [
      {
        "left": {
          "type": "Lit",
          "value": {
            "type": "Atom",
            "value": "Num",
          },
        },
        "lvl": 0,
        "right": {
          "type": "Neutral",
          "value": {
            "type": "Var",
            "variable": {
              "lvl": 0,
              "type": "Meta",
              "val": 5,
            },
          },
        },
        "type": "assign",
      },
      {
        "left": {
          "type": "Lit",
          "value": {
            "type": "Atom",
            "value": "Num",
          },
        },
        "lvl": 0,
        "right": {
          "type": "Neutral",
          "value": {
            "type": "Var",
            "variable": {
              "lvl": 0,
              "type": "Meta",
              "val": 2,
            },
          },
        },
        "type": "assign",
      },
    ],
    "metas": {
      "1": {
        "ann": {
          "type": "Lit",
          "value": {
            "type": "Atom",
            "value": "Type",
          },
        },
        "meta": {
          "lvl": 0,
          "type": "Meta",
          "val": 1,
        },
      },
      "2": {
        "ann": {
          "type": "Neutral",
          "value": {
            "type": "Var",
            "variable": {
              "lvl": 0,
              "type": "Meta",
              "val": 1,
            },
          },
        },
        "meta": {
          "lvl": 0,
          "type": "Meta",
          "val": 2,
        },
      },
      "3": {
        "ann": {
          "type": "Lit",
          "value": {
            "type": "Atom",
            "value": "Type",
          },
        },
        "meta": {
          "lvl": 0,
          "type": "Meta",
          "val": 3,
        },
      },
      "4": {
        "ann": {
          "type": "Lit",
          "value": {
            "type": "Atom",
            "value": "Type",
          },
        },
        "meta": {
          "lvl": 0,
          "type": "Meta",
          "val": 4,
        },
      },
      "5": {
        "ann": {
          "type": "Neutral",
          "value": {
            "type": "Var",
            "variable": {
              "lvl": 0,
              "type": "Meta",
              "val": 4,
            },
          },
        },
        "meta": {
          "lvl": 0,
          "type": "Meta",
          "val": 5,
        },
      },
      "6": {
        "ann": {
          "type": "Lit",
          "value": {
            "type": "Atom",
            "value": "Type",
          },
        },
        "meta": {
          "lvl": 0,
          "type": "Meta",
          "val": 6,
        },
      },
    },
    "term": {
      "arg": {
        "row": {
          "label": "0",
          "row": {
            "label": "1",
            "row": {
              "type": "empty",
            },
            "type": "extension",
            "value": {
              "type": "Lit",
              "value": {
                "type": "Num",
                "value": 2,
              },
            },
          },
          "type": "extension",
          "value": {
            "type": "Lit",
            "value": {
              "type": "Num",
              "value": 1,
            },
          },
        },
        "type": "Row",
      },
      "func": {
        "type": "Lit",
        "value": {
          "type": "Atom",
          "value": "Struct",
        },
      },
      "icit": "Explicit",
      "type": "App",
    },
    "type": {
      "type": "Neutral",
      "value": {
        "arg": {
          "row": {
            "label": "0",
            "row": {
              "label": "1",
              "row": {
                "type": "empty",
              },
              "type": "extension",
              "value": {
                "type": "Lit",
                "value": {
                  "type": "Atom",
                  "value": "Num",
                },
              },
            },
            "type": "extension",
            "value": {
              "type": "Lit",
              "value": {
                "type": "Atom",
                "value": "Num",
              },
            },
          },
          "type": "Row",
        },
        "func": {
          "type": "Lit",
          "value": {
            "type": "Atom",
            "value": "Schema",
          },
        },
        "icit": "Explicit",
        "type": "App",
      },
    },
    "typedTerms": {},
  },
}
`;
