// Vitest Snapshot v1, https://vitest.dev/guide/snapshot.html

exports[`inference: tuple > {1, 2} 1`] = `
{
  "displays": {
    "constraints": [
      "2 ~~ ?6",
      "Num ~~ ?8",
      "1 ~~ ?2",
      "Num ~~ ?4",
    ],
    "term": "Struct [ 1: 2, 0: 1 ]",
    "type": "Schema [ 1: Num, 0: Num ]",
  },
}
`;

exports[`inference: tuple > {1, 2} 2`] = `
{
  "structure": {
    "constraints": [
      {
        "left": {
          "type": "Lit",
          "value": {
            "type": "Num",
            "value": 2,
          },
        },
        "lvl": 0,
        "right": {
          "type": "Var",
          "variable": {
            "lvl": 1,
            "type": "Meta",
            "val": 6,
          },
        },
        "type": "assign",
      },
      {
        "left": {
          "type": "Lit",
          "value": {
            "type": "Atom",
            "value": "Num",
          },
        },
        "lvl": 0,
        "right": {
          "type": "Var",
          "variable": {
            "lvl": 1,
            "type": "Meta",
            "val": 8,
          },
        },
        "type": "assign",
      },
      {
        "left": {
          "type": "Lit",
          "value": {
            "type": "Num",
            "value": 1,
          },
        },
        "lvl": 0,
        "right": {
          "type": "Var",
          "variable": {
            "lvl": 0,
            "type": "Meta",
            "val": 2,
          },
        },
        "type": "assign",
      },
      {
        "left": {
          "type": "Lit",
          "value": {
            "type": "Atom",
            "value": "Num",
          },
        },
        "lvl": 0,
        "right": {
          "type": "Var",
          "variable": {
            "lvl": 0,
            "type": "Meta",
            "val": 4,
          },
        },
        "type": "assign",
      },
    ],
    "metas": {
      "1": {
        "ann": {
          "type": "Lit",
          "value": {
            "type": "Atom",
            "value": "Type",
          },
        },
        "meta": {
          "lvl": 0,
          "type": "Meta",
          "val": 1,
        },
      },
      "2": {
        "ann": {
          "type": "Var",
          "variable": {
            "lvl": 0,
            "type": "Meta",
            "val": 1,
          },
        },
        "meta": {
          "lvl": 0,
          "type": "Meta",
          "val": 2,
        },
      },
      "3": {
        "ann": {
          "type": "Lit",
          "value": {
            "type": "Atom",
            "value": "Type",
          },
        },
        "meta": {
          "lvl": 0,
          "type": "Meta",
          "val": 3,
        },
      },
      "4": {
        "ann": {
          "type": "Var",
          "variable": {
            "lvl": 0,
            "type": "Meta",
            "val": 3,
          },
        },
        "meta": {
          "lvl": 0,
          "type": "Meta",
          "val": 4,
        },
      },
      "5": {
        "ann": {
          "type": "Lit",
          "value": {
            "type": "Atom",
            "value": "Type",
          },
        },
        "meta": {
          "lvl": 1,
          "type": "Meta",
          "val": 5,
        },
      },
      "6": {
        "ann": {
          "type": "Var",
          "variable": {
            "lvl": 1,
            "type": "Meta",
            "val": 5,
          },
        },
        "meta": {
          "lvl": 1,
          "type": "Meta",
          "val": 6,
        },
      },
      "7": {
        "ann": {
          "type": "Lit",
          "value": {
            "type": "Atom",
            "value": "Type",
          },
        },
        "meta": {
          "lvl": 1,
          "type": "Meta",
          "val": 7,
        },
      },
      "8": {
        "ann": {
          "type": "Var",
          "variable": {
            "lvl": 1,
            "type": "Meta",
            "val": 7,
          },
        },
        "meta": {
          "lvl": 1,
          "type": "Meta",
          "val": 8,
        },
      },
    },
    "term": {
      "arg": {
        "id": 816,
        "row": {
          "label": "1",
          "row": {
            "label": "0",
            "row": {
              "type": "empty",
            },
            "type": "extension",
            "value": {
              "id": 814,
              "type": "Lit",
              "value": {
                "type": "Num",
                "value": 1,
              },
            },
          },
          "type": "extension",
          "value": {
            "id": 813,
            "type": "Lit",
            "value": {
              "type": "Num",
              "value": 2,
            },
          },
        },
        "type": "Row",
      },
      "func": {
        "id": 815,
        "type": "Lit",
        "value": {
          "type": "Atom",
          "value": "Struct",
        },
      },
      "icit": "Explicit",
      "id": 817,
      "type": "App",
    },
    "type": {
      "type": "Neutral",
      "value": {
        "arg": {
          "row": {
            "label": "1",
            "row": {
              "label": "0",
              "row": {
                "type": "empty",
              },
              "type": "extension",
              "value": {
                "type": "Lit",
                "value": {
                  "type": "Atom",
                  "value": "Num",
                },
              },
            },
            "type": "extension",
            "value": {
              "type": "Lit",
              "value": {
                "type": "Atom",
                "value": "Num",
              },
            },
          },
          "type": "Row",
        },
        "func": {
          "type": "Lit",
          "value": {
            "type": "Atom",
            "value": "Schema",
          },
        },
        "icit": "Explicit",
        "type": "App",
      },
    },
    "typedTerms": {
      "813": {
        "modalities": {},
        "nf": {
          "type": "Lit",
          "value": {
            "type": "Atom",
            "value": "Num",
          },
        },
      },
      "814": {
        "modalities": {},
        "nf": {
          "type": "Lit",
          "value": {
            "type": "Atom",
            "value": "Num",
          },
        },
      },
      "817": {
        "modalities": {},
        "nf": {
          "type": "Neutral",
          "value": {
            "arg": {
              "row": {
                "label": "1",
                "row": {
                  "label": "0",
                  "row": {
                    "type": "empty",
                  },
                  "type": "extension",
                  "value": {
                    "type": "Lit",
                    "value": {
                      "type": "Atom",
                      "value": "Num",
                    },
                  },
                },
                "type": "extension",
                "value": {
                  "type": "Lit",
                  "value": {
                    "type": "Atom",
                    "value": "Num",
                  },
                },
              },
              "type": "Row",
            },
            "func": {
              "type": "Lit",
              "value": {
                "type": "Atom",
                "value": "Schema",
              },
            },
            "icit": "Explicit",
            "type": "App",
          },
        },
      },
    },
  },
}
`;
