// Vitest Snapshot v1, https://vitest.dev/guide/snapshot.html

exports[`Language Tour — Dependent Types > dependent functions 1`] = `
[
  {
    "codegenJS": "function main() {
  const v0 = closure_19;
  return v0;
}

function closure_19(Num, String, b) {
  let __block = "entry";
  while (true) {
    switch (__block) {
      case "entry": {
        (__block = "sw1");
        break;
      }
      case "sw1": {
        if ((String(b) === "true")) {
          (__block = "case3");
          break;
        }
        if ((String(b) === "false")) {
          (__block = "case4");
          break;
        }
      }
      case "case3": {
        const match0 = Num;
        (__block = "join2");
        break;
      }
      case "case4": {
        const match0 = String;
        (__block = "join2");
        break;
      }
      case "join2": {
        return match0;
      }
    }
  }
}
return main();
",
    "elaborated": "λ(b: Bool) -> match b | true -> Num | false -> String",
    "gram": "[1] root
  :entry -> [3]
[2] stmt:let {"variable":"makeType"}
[3] lambda {"variable":"b","icit":"Explicit","level":1}
  :annotation -> [4]
  :body -> [5]
  :env -> [18]
[4] lit {"value":{"type":"Atom","value":"Bool"}}
[5] match
  :alt -> [7] {"index":0}
  :alt -> [11] {"index":1}
  :decision_tree -> [15]
  :scrutinee -> [6]
[6] var:bound {"index":0}
  :refers_to -> [3]
  :scope -> [2] {"level":0}
  :scope -> [3] {"level":1}
[7] case
  :body -> [10]
  :next -> [11]
  :pattern -> [8]
[8] pat:lit {"value":{"type":"Bool","value":true}}
[9] var:free {"name":"Num"}
[10] var:ref {"name":"Num"}
  :refers_to -> [9]
  :scope -> [2] {"level":0}
  :scope -> [3] {"level":1}
[11] case
  :body -> [14]
  :pattern -> [12]
[12] pat:lit {"value":{"type":"Bool","value":false}}
[13] var:free {"name":"String"}
[14] var:ref {"name":"String"}
  :refers_to -> [13]
  :scope -> [2] {"level":0}
  :scope -> [3] {"level":1}
[15] switch {"kind":"lit"}
  :branch -> [16] {"value":{"type":"Bool","value":true}}
  :branch -> [17] {"value":{"type":"Bool","value":false}}
  :inspect -> [6]
[16] leaf
  :body -> [10]
[17] leaf
  :body -> [14]
[18] env
  :capture -> [9] {"index":0}
  :capture -> [13] {"index":1}
[19] closure
  :body -> [3]
  :env -> [18]",
    "ivl": "(forall ((b Bool)) (and (= b b) (= b b)))",
    "kind": "let",
    "mir": "module
  fn main entry=entry
    entry:
      let v0 = &closure_19
      return v0
  fn closure_19(Num, String, b) entry=entry
    entry:
      jump sw1
    sw1:
      branch b { true -> case3 | false -> case4 }
    case3:
      let match0 = Num
      jump join2
    case4:
      let match0 = String
      jump join2
    join2:
      return match0",
    "name": "makeType",
    "normalized": "λ(b: Bool) -> (closure: match b | true -> Num | false -> String -| Γ: b)",
    "solverTrace": "=== Formula ===
  (forall ((b Bool)) (and (= b b) (= b b)))

=== Variables ===
  proxy p1: true

=== Registry ===

=== Trace ===
[clauses]
  #0: p1 -> unit: p1
  #1: p1 -> unit: p1

[propagate] p1 = true (forced by #0: p1 (true))
  trail: { p1@0 }
[clauses]
  #0: true -> satisfied
  #1: true -> satisfied

[theory] all assert p1: ok

[theory] all check: ok
  feasible

[sat]

[quantifier] round 0: 0 lemmas
[clauses]
  #0: p1 -> unit: p1
  #1: p1 -> unit: p1

[mbqi] round 0: 0 lemmas
  b=b -> residual
[clauses]
  #0: p1 -> unit: p1
  #1: p1 -> unit: p1",
    "type": "Π(t1: Bool) -> Type",
    "validity": "valid",
  },
  {
    "codegenJS": "function main() {
  const v0 = makeType;
  const v1 = true;
  const v2 = v0(v1);
  return v2;
}
return main();
",
    "elaborated": "makeType true",
    "gram": "[1] root
  :entry -> [3]
[2] stmt:let {"variable":"T1"}
[3] app {"icit":"Explicit"}
  :arg -> [6]
  :func -> [5]
[4] var:free {"name":"makeType"}
[5] var:ref {"name":"makeType"}
  :refers_to -> [4]
  :scope -> [2] {"level":0}
[6] lit {"value":{"type":"Bool","value":true}}",
    "ivl": "true",
    "kind": "let",
    "mir": "module
  fn main entry=entry
    entry:
      let v0 = makeType
      let v1 = true
      let v2 = call *v0(v1)
      return v2",
    "name": "T1",
    "normalized": "Num",
    "solverTrace": "=== Formula ===
  true

=== Variables ===
  proxy p1: true

=== Registry ===

=== Trace ===
[clauses]
  #0: p1 -> unit: p1
  #1: p1 -> unit: p1

[propagate] p1 = true (forced by #0: p1 (true))
  trail: { p1@0 }
[clauses]
  #0: true -> satisfied
  #1: true -> satisfied

[theory] all assert p1: ok

[theory] all check: ok
  feasible

[sat]",
    "type": "Type",
    "validity": "valid",
  },
  {
    "codegenJS": "function main() {
  const v0 = makeType;
  const v1 = false;
  const v2 = v0(v1);
  return v2;
}
return main();
",
    "elaborated": "makeType false",
    "gram": "[1] root
  :entry -> [3]
[2] stmt:let {"variable":"T2"}
[3] app {"icit":"Explicit"}
  :arg -> [6]
  :func -> [5]
[4] var:free {"name":"makeType"}
[5] var:ref {"name":"makeType"}
  :refers_to -> [4]
  :scope -> [2] {"level":0}
[6] lit {"value":{"type":"Bool","value":false}}",
    "ivl": "true",
    "kind": "let",
    "mir": "module
  fn main entry=entry
    entry:
      let v0 = makeType
      let v1 = false
      let v2 = call *v0(v1)
      return v2",
    "name": "T2",
    "normalized": "String",
    "solverTrace": "=== Formula ===
  true

=== Variables ===
  proxy p1: true

=== Registry ===

=== Trace ===
[clauses]
  #0: p1 -> unit: p1
  #1: p1 -> unit: p1

[propagate] p1 = true (forced by #0: p1 (true))
  trail: { p1@0 }
[clauses]
  #0: true -> satisfied
  #1: true -> satisfied

[theory] all assert p1: ok

[theory] all check: ok
  feasible

[sat]",
    "type": "Type",
    "validity": "valid",
  },
]
`;

exports[`Language Tour — Dependent Types > dependent records (sigma types) 1`] = `
[
  {
    "codegenJS": "function main() {
  const v0 = {};
  return v0;
}
return main();
",
    "elaborated": "Σ($sig: [ snd: :fst, fst: Type ]) . Schema [ snd: :fst, fst: Type ]",
    "gram": "[1] root
  :entry -> [3]
[2] stmt:let {"variable":"DependentPair"}
[3] sigma {"variable":"$sig","level":1}
  :annotation -> [4]
  :body -> [9]
[4] row:ext {"label":"snd"}
  :rest -> [6]
  :value -> [5]
[5] var:label {"name":"fst"}
[6] row:ext {"label":"fst"}
  :rest -> [8]
  :value -> [7]
[7] lit {"value":{"type":"Atom","value":"Type"}}
[8] row:empty
[9] app {"icit":"Explicit"}
  :arg -> [11]
  :func -> [10]
[10] lit {"value":{"type":"Atom","value":"Schema"}}
[11] row:ext {"label":"snd"}
  :rest -> [13]
  :value -> [12]
[12] var:label {"name":"fst"}
[13] row:ext {"label":"fst"}
  :rest -> [15]
  :value -> [14]
[14] lit {"value":{"type":"Atom","value":"Type"}}
[15] row:empty",
    "ivl": "true",
    "kind": "let",
    "mir": "module
  fn main entry=entry
    entry:
      let v0 = alloc {  }
      return v0",
    "name": "DependentPair",
    "normalized": "Σ($sig: [ snd: :fst, fst: Type ]) .
  (closure: Schema [ snd: :fst, fst: Type ] -| ·)",
    "solverTrace": "=== Formula ===
  true

=== Variables ===
  proxy p1: true

=== Registry ===

=== Trace ===
[clauses]
  #0: p1 -> unit: p1
  #1: p1 -> unit: p1

[propagate] p1 = true (forced by #0: p1 (true))
  trail: { p1@0 }
[clauses]
  #0: true -> satisfied
  #1: true -> satisfied

[theory] all assert p1: ok

[theory] all check: ok
  feasible

[sat]",
    "type": "Type",
    "validity": "valid",
  },
  {
    "codegenJS": "function main() {
  const v0 = 42;
  const v1 = Num;
  const v2 = {
    snd: v0,
    fst: v1
  };
  return v2;
}
return main();
",
    "elaborated": "Struct [ snd: 42, fst: Num ]",
    "gram": "[1] root
  :entry -> [3]
[2] stmt:let {"variable":"numPair"}
[3] app {"icit":"Explicit"}
  :arg -> [5]
  :func -> [4]
[4] lit {"value":{"type":"Atom","value":"Struct"}}
[5] row:ext {"label":"snd"}
  :rest -> [7]
  :value -> [6]
[6] lit {"value":{"type":"Num","value":42}}
[7] row:ext {"label":"fst"}
  :rest -> [10]
  :value -> [9]
[8] var:free {"name":"Num"}
[9] var:ref {"name":"Num"}
  :refers_to -> [8]
  :scope -> [2] {"level":0}
[10] row:empty",
    "ivl": "true",
    "kind": "let",
    "mir": "module
  fn main entry=entry
    entry:
      let v0 = 42
      let v1 = Num
      let v2 = alloc { snd: v0, fst: v1 }
      return v2",
    "name": "numPair",
    "normalized": "Struct [ snd: 42, fst: Num ]",
    "solverTrace": "=== Formula ===
  true

=== Variables ===
  proxy p1: true

=== Registry ===

=== Trace ===
[clauses]
  #0: p1 -> unit: p1
  #1: p1 -> unit: p1

[propagate] p1 = true (forced by #0: p1 (true))
  trail: { p1@0 }
[clauses]
  #0: true -> satisfied
  #1: true -> satisfied

[theory] all assert p1: ok

[theory] all check: ok
  feasible

[sat]",
    "type": "Σ($sig: [ snd: :fst, fst: Type ]) . Schema [ snd: :fst, fst: Type ]",
    "validity": "valid",
  },
  {
    "codegenJS": "function main() {
  const v0 = "hello";
  const v1 = String;
  const v2 = {
    snd: v0,
    fst: v1
  };
  return v2;
}
return main();
",
    "elaborated": "Struct [ snd: "hello", fst: String ]",
    "gram": "[1] root
  :entry -> [3]
[2] stmt:let {"variable":"strPair"}
[3] app {"icit":"Explicit"}
  :arg -> [5]
  :func -> [4]
[4] lit {"value":{"type":"Atom","value":"Struct"}}
[5] row:ext {"label":"snd"}
  :rest -> [7]
  :value -> [6]
[6] lit {"value":{"type":"String","value":"hello"}}
[7] row:ext {"label":"fst"}
  :rest -> [10]
  :value -> [9]
[8] var:free {"name":"String"}
[9] var:ref {"name":"String"}
  :refers_to -> [8]
  :scope -> [2] {"level":0}
[10] row:empty",
    "ivl": "true",
    "kind": "let",
    "mir": "module
  fn main entry=entry
    entry:
      let v0 = "hello"
      let v1 = String
      let v2 = alloc { snd: v0, fst: v1 }
      return v2",
    "name": "strPair",
    "normalized": "Struct [ snd: "hello", fst: String ]",
    "solverTrace": "=== Formula ===
  true

=== Variables ===
  proxy p1: true

=== Registry ===

=== Trace ===
[clauses]
  #0: p1 -> unit: p1
  #1: p1 -> unit: p1

[propagate] p1 = true (forced by #0: p1 (true))
  trail: { p1@0 }
[clauses]
  #0: true -> satisfied
  #1: true -> satisfied

[theory] all assert p1: ok

[theory] all check: ok
  feasible

[sat]",
    "type": "Σ($sig: [ snd: :fst, fst: Type ]) . Schema [ snd: :fst, fst: Type ]",
    "validity": "valid",
  },
]
`;

exports[`Language Tour — Dependent Types > generic dependent pairs 1`] = `
[
  {
    "codegenJS": "",
    "elaborated": "λ(a: Type) ->
  λ(p: Π(t1: a) -> Type) ->
    Σ($sig: [ snd: p :fst, fst: a ]) . Schema [ snd: p :fst, fst: a ]",
    "error": "Bridge: closure capture not yet implemented for curried returns — nested closures reference outer captures; Bridge: closure capture not yet implemented for curried returns — nested closures reference outer captures; Bridge: closure capture not yet implemented for curried returns — nested closures reference outer captures; Bridge: closure capture not yet implemented for curried returns — nested closures reference outer captures",
    "gram": "[1] root
  :entry -> [3]
[2] stmt:let {"variable":"Pair"}
[3] lambda {"variable":"a","icit":"Explicit","level":1}
  :annotation -> [4]
  :body -> [5]
  :env -> [26]
[4] lit {"value":{"type":"Atom","value":"Type"}}
[5] lambda {"variable":"p","icit":"Explicit","level":2}
  :annotation -> [6]
  :body -> [9]
  :env -> [27]
[6] pi {"variable":"t1","icit":"Explicit","level":2}
  :annotation -> [7]
  :body -> [8]
[7] var:bound {"index":0}
  :refers_to -> [3]
  :scope -> [2] {"level":0}
  :scope -> [3] {"level":1}
[8] lit {"value":{"type":"Atom","value":"Type"}}
[9] sigma {"variable":"$sig","level":3}
  :annotation -> [10]
  :body -> [17]
[10] row:ext {"label":"snd"}
  :rest -> [14]
  :value -> [11]
[11] app {"icit":"Explicit"}
  :arg -> [13]
  :func -> [12]
[12] var:bound {"index":0}
  :refers_to -> [5]
  :scope -> [2] {"level":0}
  :scope -> [3] {"level":1}
  :scope -> [5] {"level":2}
[13] var:label {"name":"fst"}
[14] row:ext {"label":"fst"}
  :rest -> [16]
  :value -> [15]
[15] var:bound {"index":1}
  :refers_to -> [3]
  :scope -> [2] {"level":0}
  :scope -> [3] {"level":1}
  :scope -> [5] {"level":2}
[16] row:empty
[17] app {"icit":"Explicit"}
  :arg -> [19]
  :func -> [18]
[18] lit {"value":{"type":"Atom","value":"Schema"}}
[19] row:ext {"label":"snd"}
  :rest -> [23]
  :value -> [20]
[20] app {"icit":"Explicit"}
  :arg -> [22]
  :func -> [21]
[21] var:bound {"index":0}
  :refers_to -> [9]
  :scope -> [2] {"level":0}
  :scope -> [3] {"level":1}
  :scope -> [5] {"level":2}
  :scope -> [9] {"level":3}
[22] var:label {"name":"fst"}
[23] row:ext {"label":"fst"}
  :rest -> [25]
  :value -> [24]
[24] var:bound {"index":1}
  :refers_to -> [5]
  :scope -> [2] {"level":0}
  :scope -> [3] {"level":1}
  :scope -> [5] {"level":2}
  :scope -> [9] {"level":3}
[25] row:empty
[26] env
[27] env
  :capture -> [3] {"index":0}
[28] closure
  :body -> [3]
  :env -> [26]
[29] closure
  :body -> [5]
  :env -> [27]",
    "ivl": "true",
    "kind": "let",
    "mir": "",
    "name": "Pair",
    "normalized": "λ(a: Type) ->
  (closure: λ(p: Π(t1: a) -> Type) ->
    Σ($sig: [ snd: p :fst, fst: a ]) . Schema [ snd: p :fst, fst: a ] -| Γ: a)",
    "solverTrace": "=== Formula ===
  true

=== Variables ===
  proxy p1: true

=== Registry ===

=== Trace ===
[clauses]
  #0: p1 -> unit: p1
  #1: p1 -> unit: p1

[propagate] p1 = true (forced by #0: p1 (true))
  trail: { p1@0 }
[clauses]
  #0: true -> satisfied
  #1: true -> satisfied

[theory] all assert p1: ok

[theory] all check: ok
  feasible

[sat]",
    "type": "Π(a: Type) -> Π(p: Π(t1: a) -> Type) -> Type",
    "validity": "valid",
  },
  {
    "codegenJS": "function main() {
  const v0 = "hello";
  const v1 = 42;
  const v2 = {
    snd: v0,
    fst: v1
  };
  return v2;
}
return main();
",
    "elaborated": "Struct [ snd: "hello", fst: 42 ]",
    "gram": "[1] root
  :entry -> [3]
[2] stmt:let {"variable":"exampleP1"}
[3] app {"icit":"Explicit"}
  :arg -> [5]
  :func -> [4]
[4] lit {"value":{"type":"Atom","value":"Struct"}}
[5] row:ext {"label":"snd"}
  :rest -> [7]
  :value -> [6]
[6] lit {"value":{"type":"String","value":"hello"}}
[7] row:ext {"label":"fst"}
  :rest -> [9]
  :value -> [8]
[8] lit {"value":{"type":"Num","value":42}}
[9] row:empty",
    "ivl": "true",
    "kind": "let",
    "mir": "module
  fn main entry=entry
    entry:
      let v0 = "hello"
      let v1 = 42
      let v2 = alloc { snd: v0, fst: v1 }
      return v2",
    "name": "exampleP1",
    "normalized": "Struct [ snd: "hello", fst: 42 ]",
    "solverTrace": "=== Formula ===
  true

=== Variables ===
  proxy p1: true

=== Registry ===

=== Trace ===
[clauses]
  #0: p1 -> unit: p1
  #1: p1 -> unit: p1

[propagate] p1 = true (forced by #0: p1 (true))
  trail: { p1@0 }
[clauses]
  #0: true -> satisfied
  #1: true -> satisfied

[theory] all assert p1: ok

[theory] all check: ok
  feasible

[sat]",
    "type": "Σ($sig: [ snd: String, fst: Num ]) . Schema [ snd: String, fst: Num ]",
    "validity": "valid",
  },
  {
    "codegenJS": "function main() {
  const v0 = 100;
  const v1 = true;
  const v2 = {
    snd: v0,
    fst: v1
  };
  return v2;
}
return main();
",
    "elaborated": "Struct [ snd: 100, fst: true ]",
    "gram": "[1] root
  :entry -> [3]
[2] stmt:let {"variable":"exampleP2"}
[3] app {"icit":"Explicit"}
  :arg -> [5]
  :func -> [4]
[4] lit {"value":{"type":"Atom","value":"Struct"}}
[5] row:ext {"label":"snd"}
  :rest -> [7]
  :value -> [6]
[6] lit {"value":{"type":"Num","value":100}}
[7] row:ext {"label":"fst"}
  :rest -> [9]
  :value -> [8]
[8] lit {"value":{"type":"Bool","value":true}}
[9] row:empty",
    "ivl": "true",
    "kind": "let",
    "mir": "module
  fn main entry=entry
    entry:
      let v0 = 100
      let v1 = true
      let v2 = alloc { snd: v0, fst: v1 }
      return v2",
    "name": "exampleP2",
    "normalized": "Struct [ snd: 100, fst: true ]",
    "solverTrace": "=== Formula ===
  true

=== Variables ===
  proxy p1: true

=== Registry ===

=== Trace ===
[clauses]
  #0: p1 -> unit: p1
  #1: p1 -> unit: p1

[propagate] p1 = true (forced by #0: p1 (true))
  trail: { p1@0 }
[clauses]
  #0: true -> satisfied
  #1: true -> satisfied

[theory] all assert p1: ok

[theory] all check: ok
  feasible

[sat]",
    "type": "Σ($sig: [ snd: match :fst | true -> Num | false -> String, fst: Bool ]) .
  Schema [ snd: match :fst | true -> Num | false -> String, fst: Bool ]",
    "validity": "valid",
  },
]
`;

exports[`Language Tour — Dependent Types > length-indexed vectors 1`] = `
[
  {
    "codegenJS": "function main() {
  return v0;
}
return main();
",
    "elaborated": "Vec",
    "gram": "[1] root
  :entry -> [3]
[2] stmt:let {"variable":"Vec"}
[3] mu {"variable":"x","source":"Vec","level":1}
  :annotation -> [4]
  :body -> [10]
[4] pi {"variable":"t1","icit":"Explicit","level":1}
  :annotation -> [6]
  :body -> [7]
[5] var:free {"name":"Num"}
[6] var:ref {"name":"Num"}
  :refers_to -> [5]
  :scope -> [2] {"level":0}
[7] pi {"variable":"t2","icit":"Explicit","level":2}
  :annotation -> [8]
  :body -> [9]
[8] lit {"value":{"type":"Atom","value":"Type"}}
[9] lit {"value":{"type":"Atom","value":"Type"}}
[10] lambda {"variable":"n","icit":"Explicit","level":2}
  :annotation -> [11]
  :body -> [12]
  :env -> [41]
[11] lit {"value":{"type":"Atom","value":"Num"}}
[12] lambda {"variable":"t","icit":"Explicit","level":3}
  :annotation -> [13]
  :body -> [14]
  :env -> [42]
[13] lit {"value":{"type":"Atom","value":"Type"}}
[14] match
  :alt -> [16] {"index":0}
  :alt -> [19] {"index":1}
  :decision_tree -> [38]
  :scrutinee -> [15]
[15] var:bound {"index":1}
  :refers_to -> [10]
  :scope -> [2] {"level":0}
  :scope -> [3] {"level":1}
  :scope -> [10] {"level":2}
  :scope -> [12] {"level":3}
[16] case
  :body -> [18]
  :next -> [19]
  :pattern -> [17]
[17] pat:lit {"value":{"type":"Num","value":0}}
[18] lit {"value":{"type":"Atom","value":"Unit"}}
[19] case
  :body -> [21]
  :pattern -> [20]
[20] pat:binder {"name":"l","level":4}
[21] app {"icit":"Explicit"}
  :arg -> [23]
  :func -> [22]
[22] lit {"value":{"type":"Atom","value":"Schema"}}
[23] row:ext {"label":"1"}
  :rest -> [34]
  :value -> [24]
[24] app {"icit":"Explicit"}
  :arg -> [33]
  :func -> [25]
[25] app {"icit":"Explicit"}
  :arg -> [37]
  :func -> [26]
[26] var:bound {"index":3}
  :refers_to -> [3]
  :scope -> [2] {"level":0}
  :scope -> [3] {"level":1}
  :scope -> [10] {"level":2}
  :scope -> [12] {"level":3}
  :scope -> [20] {"level":4}
[29] var:foreign {"name":"$sub","arity":2}
[31] var:bound {"index":0}
  :next -> [32]
  :refers_to -> [20]
  :scope -> [2] {"level":0}
  :scope -> [3] {"level":1}
  :scope -> [10] {"level":2}
  :scope -> [12] {"level":3}
  :scope -> [20] {"level":4}
[32] lit {"value":{"type":"Num","value":1}}
[33] var:bound {"index":1}
  :refers_to -> [12]
  :scope -> [2] {"level":0}
  :scope -> [3] {"level":1}
  :scope -> [10] {"level":2}
  :scope -> [12] {"level":3}
  :scope -> [20] {"level":4}
[34] row:ext {"label":"0"}
  :rest -> [36]
  :value -> [35]
[35] var:bound {"index":1}
  :refers_to -> [12]
  :scope -> [2] {"level":0}
  :scope -> [3] {"level":1}
  :scope -> [10] {"level":2}
  :scope -> [12] {"level":3}
  :scope -> [20] {"level":4}
[36] row:empty
[37] primop {"op":"$sub"}
  :arg -> [31] {"index":0}
  :arg -> [32] {"index":1}
  :callee -> [29]
[38] switch {"kind":"lit"}
  :branch -> [39] {"value":{"type":"Num","value":0}}
  :default -> [40]
  :inspect -> [15]
[39] leaf
  :body -> [18]
[40] leaf
  :bind -> [15] {"name":"l","binder":20}
  :body -> [21]
[41] env
  :capture -> [3] {"index":0}
[42] env
  :capture -> [10] {"index":0}
  :capture -> [3] {"index":1}
[43] closure
  :body -> [10]
  :env -> [41]
[44] closure
  :body -> [12]
  :env -> [42]",
    "ivl": "(forall ((n Real)) (forall ((t Type)) (and (= n n) (= n n))))",
    "kind": "let",
    "mir": "module
  fn main entry=entry
    entry:
      return v0",
    "name": "Vec",
    "normalized": "Vec",
    "solverTrace": "=== Formula ===
  (forall ((n Real)) (forall ((t Type)) (and (= n n) (= n n))))

=== Variables ===
  proxy p1: true

=== Registry ===

=== Trace ===
[clauses]
  #0: p1 -> unit: p1
  #1: p1 -> unit: p1

[propagate] p1 = true (forced by #0: p1 (true))
  trail: { p1@0 }
[clauses]
  #0: true -> satisfied
  #1: true -> satisfied

[theory] all assert p1: ok

[theory] all check: ok
  feasible

[sat]

[quantifier] round 0: 0 lemmas
[clauses]
  #0: p1 -> unit: p1
  #1: p1 -> unit: p1

[mbqi] round 0: 0 lemmas
  n=n -> residual
[clauses]
  #0: p1 -> unit: p1
  #1: p1 -> unit: p1",
    "type": "Π(t1: Num) -> Π(t2: Type) -> Type",
    "validity": "valid",
  },
  {
    "codegenJS": "function main() {
  const v0 = null;
  return v0;
}
return main();
",
    "elaborated": "unit",
    "gram": "[1] root
  :entry -> [3]
[2] stmt:let {"variable":"vec0"}
[3] lit {"value":{"type":"unit"}}",
    "ivl": "true",
    "kind": "let",
    "mir": "module
  fn main entry=entry
    entry:
      let v0 = unit
      return v0",
    "name": "vec0",
    "normalized": "unit",
    "solverTrace": "=== Formula ===
  true

=== Variables ===
  proxy p1: true

=== Registry ===

=== Trace ===
[clauses]
  #0: p1 -> unit: p1
  #1: p1 -> unit: p1

[propagate] p1 = true (forced by #0: p1 (true))
  trail: { p1@0 }
[clauses]
  #0: true -> satisfied
  #1: true -> satisfied

[theory] all assert p1: ok

[theory] all check: ok
  feasible

[sat]",
    "type": "(Vec) 0 Num",
    "validity": "valid",
  },
  {
    "codegenJS": "function main() {
  const v0 = 10;
  const v1 = vec0;
  const v2 = {
    0: v0,
    1: v1
  };
  return v2;
}
return main();
",
    "elaborated": "Struct [ 0: 10, 1: vec0 ]",
    "gram": "[1] root
  :entry -> [3]
[2] stmt:let {"variable":"vec1"}
[3] app {"icit":"Explicit"}
  :arg -> [5]
  :func -> [4]
[4] lit {"value":{"type":"Atom","value":"Struct"}}
[5] row:ext {"label":"0"}
  :rest -> [7]
  :value -> [6]
[6] lit {"value":{"type":"Num","value":10}}
[7] row:ext {"label":"1"}
  :rest -> [10]
  :value -> [9]
[8] var:free {"name":"vec0"}
[9] var:ref {"name":"vec0"}
  :refers_to -> [8]
  :scope -> [2] {"level":0}
[10] row:empty",
    "ivl": "true",
    "kind": "let",
    "mir": "module
  fn main entry=entry
    entry:
      let v0 = 10
      let v1 = vec0
      let v2 = alloc { 0: v0, 1: v1 }
      return v2",
    "name": "vec1",
    "normalized": "Struct [ 0: 10, 1: unit ]",
    "solverTrace": "=== Formula ===
  true

=== Variables ===
  proxy p1: true

=== Registry ===

=== Trace ===
[clauses]
  #0: p1 -> unit: p1
  #1: p1 -> unit: p1

[propagate] p1 = true (forced by #0: p1 (true))
  trail: { p1@0 }
[clauses]
  #0: true -> satisfied
  #1: true -> satisfied

[theory] all assert p1: ok

[theory] all check: ok
  feasible

[sat]",
    "type": "(Vec) 1 Num",
    "validity": "valid",
  },
  {
    "codegenJS": "function main() {
  const v0 = 20;
  const v1 = vec1;
  const v2 = {
    0: v0,
    1: v1
  };
  return v2;
}
return main();
",
    "elaborated": "Struct [ 0: 20, 1: vec1 ]",
    "gram": "[1] root
  :entry -> [3]
[2] stmt:let {"variable":"vec2"}
[3] app {"icit":"Explicit"}
  :arg -> [5]
  :func -> [4]
[4] lit {"value":{"type":"Atom","value":"Struct"}}
[5] row:ext {"label":"0"}
  :rest -> [7]
  :value -> [6]
[6] lit {"value":{"type":"Num","value":20}}
[7] row:ext {"label":"1"}
  :rest -> [10]
  :value -> [9]
[8] var:free {"name":"vec1"}
[9] var:ref {"name":"vec1"}
  :refers_to -> [8]
  :scope -> [2] {"level":0}
[10] row:empty",
    "ivl": "true",
    "kind": "let",
    "mir": "module
  fn main entry=entry
    entry:
      let v0 = 20
      let v1 = vec1
      let v2 = alloc { 0: v0, 1: v1 }
      return v2",
    "name": "vec2",
    "normalized": "Struct [ 0: 20, 1: Struct [ 0: 10, 1: unit ] ]",
    "solverTrace": "=== Formula ===
  true

=== Variables ===
  proxy p1: true

=== Registry ===

=== Trace ===
[clauses]
  #0: p1 -> unit: p1
  #1: p1 -> unit: p1

[propagate] p1 = true (forced by #0: p1 (true))
  trail: { p1@0 }
[clauses]
  #0: true -> satisfied
  #1: true -> satisfied

[theory] all assert p1: ok

[theory] all check: ok
  feasible

[sat]",
    "type": "(Vec) 2 Num",
    "validity": "valid",
  },
  {
    "codegenJS": "function main() {
  const v0 = 30;
  const v1 = vec2;
  const v2 = {
    0: v0,
    1: v1
  };
  return v2;
}
return main();
",
    "elaborated": "Struct [ 0: 30, 1: vec2 ]",
    "gram": "[1] root
  :entry -> [3]
[2] stmt:let {"variable":"vec3"}
[3] app {"icit":"Explicit"}
  :arg -> [5]
  :func -> [4]
[4] lit {"value":{"type":"Atom","value":"Struct"}}
[5] row:ext {"label":"0"}
  :rest -> [7]
  :value -> [6]
[6] lit {"value":{"type":"Num","value":30}}
[7] row:ext {"label":"1"}
  :rest -> [10]
  :value -> [9]
[8] var:free {"name":"vec2"}
[9] var:ref {"name":"vec2"}
  :refers_to -> [8]
  :scope -> [2] {"level":0}
[10] row:empty",
    "ivl": "true",
    "kind": "let",
    "mir": "module
  fn main entry=entry
    entry:
      let v0 = 30
      let v1 = vec2
      let v2 = alloc { 0: v0, 1: v1 }
      return v2",
    "name": "vec3",
    "normalized": "Struct [ 0: 30, 1: Struct [ 0: 20, 1: Struct [ 0: 10, 1: unit ] ] ]",
    "solverTrace": "=== Formula ===
  true

=== Variables ===
  proxy p1: true

=== Registry ===

=== Trace ===
[clauses]
  #0: p1 -> unit: p1
  #1: p1 -> unit: p1

[propagate] p1 = true (forced by #0: p1 (true))
  trail: { p1@0 }
[clauses]
  #0: true -> satisfied
  #1: true -> satisfied

[theory] all assert p1: ok

[theory] all check: ok
  feasible

[sat]",
    "type": "(Vec) 3 Num",
    "validity": "valid",
  },
]
`;
