// Vitest Snapshot v1, https://vitest.dev/guide/snapshot.html

exports[`Language Tour — Defining Types > computing types 1`] = `
[
  {
    "codegenJS": "function main() {
  const v0 = closure_19;
  return v0;
}

function closure_19(Num, String, b) {
  let __block = "entry";
  while (true) {
    switch (__block) {
      case "entry": {
        (__block = "sw1");
        break;
      }
      case "sw1": {
        if ((String(b) === "true")) {
          (__block = "case3");
          break;
        }
        if ((String(b) === "false")) {
          (__block = "case4");
          break;
        }
      }
      case "case3": {
        const match0 = Num;
        (__block = "join2");
        break;
      }
      case "case4": {
        const match0 = String;
        (__block = "join2");
        break;
      }
      case "join2": {
        return match0;
      }
    }
  }
}
return main();
",
    "elaborated": "λ(b: Bool) -> match b | true -> Num | false -> String",
    "gram": "[1] root
  :entry -> [3]
[2] stmt:let {"variable":"chooseType"}
[3] lambda {"variable":"b","icit":"Explicit","level":1}
  :annotation -> [4]
  :body -> [5]
  :env -> [18]
[4] lit {"value":{"type":"Atom","value":"Bool"}}
[5] match
  :alt -> [7] {"index":0}
  :alt -> [11] {"index":1}
  :decision_tree -> [15]
  :scrutinee -> [6]
[6] var:bound {"index":0}
  :refers_to -> [3]
  :scope -> [2] {"level":0}
  :scope -> [3] {"level":1}
[7] case
  :body -> [10]
  :next -> [11]
  :pattern -> [8]
[8] pat:lit {"value":{"type":"Bool","value":true}}
[9] var:free {"name":"Num"}
[10] var:ref {"name":"Num"}
  :refers_to -> [9]
  :scope -> [2] {"level":0}
  :scope -> [3] {"level":1}
[11] case
  :body -> [14]
  :pattern -> [12]
[12] pat:lit {"value":{"type":"Bool","value":false}}
[13] var:free {"name":"String"}
[14] var:ref {"name":"String"}
  :refers_to -> [13]
  :scope -> [2] {"level":0}
  :scope -> [3] {"level":1}
[15] switch {"kind":"lit"}
  :branch -> [16] {"value":{"type":"Bool","value":true}}
  :branch -> [17] {"value":{"type":"Bool","value":false}}
  :inspect -> [6]
[16] leaf
  :body -> [10]
[17] leaf
  :body -> [14]
[18] env
  :capture -> [9] {"index":0}
  :capture -> [13] {"index":1}
[19] closure
  :body -> [3]
  :env -> [18]",
    "ivl": "(forall ((b Bool)) (and (= b b) (= b b)))",
    "kind": "let",
    "mir": "module
  fn main entry=entry
    entry:
      let v0 = &closure_19
      return v0
  fn closure_19(Num, String, b) entry=entry
    entry:
      jump sw1
    sw1:
      branch b { true -> case3 | false -> case4 }
    case3:
      let match0 = Num
      jump join2
    case4:
      let match0 = String
      jump join2
    join2:
      return match0",
    "name": "chooseType",
    "normalized": "λ(b: Bool) -> (closure: match b | true -> Num | false -> String -| Γ: b)",
    "solverTrace": "=== Formula ===
  (forall ((b Bool)) (and (= b b) (= b b)))

=== Variables ===
  proxy p1: true

=== Registry ===

=== Trace ===
[clauses]
  #0: p1 -> unit: p1
  #1: p1 -> unit: p1

[propagate] p1 = true (forced by #0: p1 (true))
  trail: { p1@0 }
[clauses]
  #0: true -> satisfied
  #1: true -> satisfied

[theory] all assert p1: ok

[theory] all check: ok
  feasible

[sat]

[quantifier] round 0: 0 lemmas
[clauses]
  #0: p1 -> unit: p1
  #1: p1 -> unit: p1

[mbqi] round 0: 0 lemmas
  b=b -> residual
[clauses]
  #0: p1 -> unit: p1
  #1: p1 -> unit: p1",
    "type": "Π(t1: Bool) -> Type",
    "validity": "valid",
  },
  {
    "codegenJS": "function main() {
  const v0 = chooseType;
  const v1 = true;
  const v2 = v0(v1);
  return v2;
}
return main();
",
    "elaborated": "chooseType true",
    "gram": "[1] root
  :entry -> [3]
[2] stmt:let {"variable":"T1"}
[3] app {"icit":"Explicit"}
  :arg -> [6]
  :func -> [5]
[4] var:free {"name":"chooseType"}
[5] var:ref {"name":"chooseType"}
  :refers_to -> [4]
  :scope -> [2] {"level":0}
[6] lit {"value":{"type":"Bool","value":true}}",
    "ivl": "true",
    "kind": "let",
    "mir": "module
  fn main entry=entry
    entry:
      let v0 = chooseType
      let v1 = true
      let v2 = call *v0(v1)
      return v2",
    "name": "T1",
    "normalized": "Num",
    "solverTrace": "=== Formula ===
  true

=== Variables ===
  proxy p1: true

=== Registry ===

=== Trace ===
[clauses]
  #0: p1 -> unit: p1
  #1: p1 -> unit: p1

[propagate] p1 = true (forced by #0: p1 (true))
  trail: { p1@0 }
[clauses]
  #0: true -> satisfied
  #1: true -> satisfied

[theory] all assert p1: ok

[theory] all check: ok
  feasible

[sat]",
    "type": "Type",
    "validity": "valid",
  },
  {
    "codegenJS": "function main() {
  const v0 = chooseType;
  const v1 = false;
  const v2 = v0(v1);
  return v2;
}
return main();
",
    "elaborated": "chooseType false",
    "gram": "[1] root
  :entry -> [3]
[2] stmt:let {"variable":"T2"}
[3] app {"icit":"Explicit"}
  :arg -> [6]
  :func -> [5]
[4] var:free {"name":"chooseType"}
[5] var:ref {"name":"chooseType"}
  :refers_to -> [4]
  :scope -> [2] {"level":0}
[6] lit {"value":{"type":"Bool","value":false}}",
    "ivl": "true",
    "kind": "let",
    "mir": "module
  fn main entry=entry
    entry:
      let v0 = chooseType
      let v1 = false
      let v2 = call *v0(v1)
      return v2",
    "name": "T2",
    "normalized": "String",
    "solverTrace": "=== Formula ===
  true

=== Variables ===
  proxy p1: true

=== Registry ===

=== Trace ===
[clauses]
  #0: p1 -> unit: p1
  #1: p1 -> unit: p1

[propagate] p1 = true (forced by #0: p1 (true))
  trail: { p1@0 }
[clauses]
  #0: true -> satisfied
  #1: true -> satisfied

[theory] all assert p1: ok

[theory] all check: ok
  feasible

[sat]",
    "type": "Type",
    "validity": "valid",
  },
]
`;

exports[`Language Tour — Defining Types > first-class types 1`] = `
[
  {
    "codegenJS": "function main() {
  const v0 = Num;
  return v0;
}
return main();
",
    "elaborated": "Num",
    "gram": "[1] root
  :entry -> [4]
[2] stmt:let {"variable":"MyNum"}
[3] var:free {"name":"Num"}
[4] var:ref {"name":"Num"}
  :refers_to -> [3]
  :scope -> [2] {"level":0}",
    "ivl": "true",
    "kind": "let",
    "mir": "module
  fn main entry=entry
    entry:
      let v0 = Num
      return v0",
    "name": "MyNum",
    "normalized": "Num",
    "solverTrace": "=== Formula ===
  true

=== Variables ===
  proxy p1: true

=== Registry ===

=== Trace ===
[clauses]
  #0: p1 -> unit: p1
  #1: p1 -> unit: p1

[propagate] p1 = true (forced by #0: p1 (true))
  trail: { p1@0 }
[clauses]
  #0: true -> satisfied
  #1: true -> satisfied

[theory] all assert p1: ok

[theory] all check: ok
  feasible

[sat]",
    "type": "Type",
    "validity": "valid",
  },
  {
    "codegenJS": "function main() {
  const v0 = String;
  return v0;
}
return main();
",
    "elaborated": "String",
    "gram": "[1] root
  :entry -> [4]
[2] stmt:let {"variable":"MyString"}
[3] var:free {"name":"String"}
[4] var:ref {"name":"String"}
  :refers_to -> [3]
  :scope -> [2] {"level":0}",
    "ivl": "true",
    "kind": "let",
    "mir": "module
  fn main entry=entry
    entry:
      let v0 = String
      return v0",
    "name": "MyString",
    "normalized": "String",
    "solverTrace": "=== Formula ===
  true

=== Variables ===
  proxy p1: true

=== Registry ===

=== Trace ===
[clauses]
  #0: p1 -> unit: p1
  #1: p1 -> unit: p1

[propagate] p1 = true (forced by #0: p1 (true))
  trail: { p1@0 }
[clauses]
  #0: true -> satisfied
  #1: true -> satisfied

[theory] all assert p1: ok

[theory] all check: ok
  feasible

[sat]",
    "type": "Type",
    "validity": "valid",
  },
  {
    "codegenJS": "function main() {
  const v0 = 42;
  return v0;
}
return main();
",
    "elaborated": "42",
    "gram": "[1] root
  :entry -> [3]
[2] stmt:let {"variable":"n"}
[3] lit {"value":{"type":"Num","value":42}}",
    "ivl": "true",
    "kind": "let",
    "mir": "module
  fn main entry=entry
    entry:
      let v0 = 42
      return v0",
    "name": "n",
    "normalized": "42",
    "solverTrace": "=== Formula ===
  true

=== Variables ===
  proxy p1: true

=== Registry ===

=== Trace ===
[clauses]
  #0: p1 -> unit: p1
  #1: p1 -> unit: p1

[propagate] p1 = true (forced by #0: p1 (true))
  trail: { p1@0 }
[clauses]
  #0: true -> satisfied
  #1: true -> satisfied

[theory] all assert p1: ok

[theory] all check: ok
  feasible

[sat]",
    "type": "Num",
    "validity": "valid",
  },
  {
    "codegenJS": "function main() {
  const v0 = "hi";
  return v0;
}
return main();
",
    "elaborated": ""hi"",
    "gram": "[1] root
  :entry -> [3]
[2] stmt:let {"variable":"s"}
[3] lit {"value":{"type":"String","value":"hi"}}",
    "ivl": "true",
    "kind": "let",
    "mir": "module
  fn main entry=entry
    entry:
      let v0 = "hi"
      return v0",
    "name": "s",
    "normalized": ""hi"",
    "solverTrace": "=== Formula ===
  true

=== Variables ===
  proxy p1: true

=== Registry ===

=== Trace ===
[clauses]
  #0: p1 -> unit: p1
  #1: p1 -> unit: p1

[propagate] p1 = true (forced by #0: p1 (true))
  trail: { p1@0 }
[clauses]
  #0: true -> satisfied
  #1: true -> satisfied

[theory] all assert p1: ok

[theory] all check: ok
  feasible

[sat]",
    "type": "String",
    "validity": "valid",
  },
]
`;

exports[`Language Tour — Defining Types > type aliases 1`] = `
[
  {
    "codegenJS": "function main() {
  const v0 = {};
  return v0;
}
return main();
",
    "elaborated": "Σ($sig: [ y: Num, x: Num ]) . Schema [ y: Num, x: Num ]",
    "gram": "[1] root
  :entry -> [3]
[2] stmt:let {"variable":"Point"}
[3] sigma {"variable":"$sig","level":1}
  :annotation -> [4]
  :body -> [10]
[4] row:ext {"label":"y"}
  :rest -> [7]
  :value -> [6]
[5] var:free {"name":"Num"}
[6] var:ref {"name":"Num"}
  :refers_to -> [5]
  :scope -> [2] {"level":0}
[7] row:ext {"label":"x"}
  :rest -> [9]
  :value -> [8]
[8] var:ref {"name":"Num"}
  :refers_to -> [5]
  :scope -> [2] {"level":0}
[9] row:empty
[10] app {"icit":"Explicit"}
  :arg -> [12]
  :func -> [11]
[11] lit {"value":{"type":"Atom","value":"Schema"}}
[12] row:ext {"label":"y"}
  :rest -> [14]
  :value -> [13]
[13] var:ref {"name":"Num"}
  :refers_to -> [5]
  :scope -> [2] {"level":0}
  :scope -> [3] {"level":1}
[14] row:ext {"label":"x"}
  :rest -> [16]
  :value -> [15]
[15] var:ref {"name":"Num"}
  :refers_to -> [5]
  :scope -> [2] {"level":0}
  :scope -> [3] {"level":1}
[16] row:empty",
    "ivl": "true",
    "kind": "let",
    "mir": "module
  fn main entry=entry
    entry:
      let v0 = alloc {  }
      return v0",
    "name": "Point",
    "normalized": "Σ($sig: [ y: Num, x: Num ]) . (closure: Schema [ y: Num, x: Num ] -| ·)",
    "solverTrace": "=== Formula ===
  true

=== Variables ===
  proxy p1: true

=== Registry ===

=== Trace ===
[clauses]
  #0: p1 -> unit: p1
  #1: p1 -> unit: p1

[propagate] p1 = true (forced by #0: p1 (true))
  trail: { p1@0 }
[clauses]
  #0: true -> satisfied
  #1: true -> satisfied

[theory] all assert p1: ok

[theory] all check: ok
  feasible

[sat]",
    "type": "Type",
    "validity": "valid",
  },
  {
    "codegenJS": "function main() {
  const v0 = 0;
  const v1 = 0;
  const v2 = {
    y: v0,
    x: v1
  };
  return v2;
}
return main();
",
    "elaborated": "Struct [ y: 0, x: 0 ]",
    "gram": "[1] root
  :entry -> [3]
[2] stmt:let {"variable":"origin"}
[3] app {"icit":"Explicit"}
  :arg -> [5]
  :func -> [4]
[4] lit {"value":{"type":"Atom","value":"Struct"}}
[5] row:ext {"label":"y"}
  :rest -> [7]
  :value -> [6]
[6] lit {"value":{"type":"Num","value":0}}
[7] row:ext {"label":"x"}
  :rest -> [9]
  :value -> [8]
[8] lit {"value":{"type":"Num","value":0}}
[9] row:empty",
    "ivl": "true",
    "kind": "let",
    "mir": "module
  fn main entry=entry
    entry:
      let v0 = 0
      let v1 = 0
      let v2 = alloc { y: v0, x: v1 }
      return v2",
    "name": "origin",
    "normalized": "Struct [ y: 0, x: 0 ]",
    "solverTrace": "=== Formula ===
  true

=== Variables ===
  proxy p1: true

=== Registry ===

=== Trace ===
[clauses]
  #0: p1 -> unit: p1
  #1: p1 -> unit: p1

[propagate] p1 = true (forced by #0: p1 (true))
  trail: { p1@0 }
[clauses]
  #0: true -> satisfied
  #1: true -> satisfied

[theory] all assert p1: ok

[theory] all check: ok
  feasible

[sat]",
    "type": "Σ($sig: [ y: Num, x: Num ]) . Schema [ y: Num, x: Num ]",
    "validity": "valid",
  },
]
`;
